2026-05-12 09:52:03 | DEBUG | P01 | KAFKA_BOOTSTRAP_SERVERS           = localhost:9092
2026-05-12 09:52:03 | DEBUG | P01 | KAFKA_BROKER_ADDRESS_FAMILY       = v6
2026-05-12 09:52:03 | DEBUG | P01 | KAFKA_TOPIC                       = streaming-01-foundations-case
2026-05-12 09:52:03 | DEBUG | P01 | KAFKA_CLEAR_TOPIC_ON_START        = true
2026-05-12 09:52:03 | DEBUG | P01 | PRODUCER_MESSAGE_COUNT            = 3
2026-05-12 09:52:03 | DEBUG | P01 | PRODUCER_MESSAGE_INTERVAL_SECONDS = 2
2026-05-12 09:52:03 | DEBUG | P01 | PRODUCER_MAX_MESSAGES             = 50
2026-05-12 09:52:03 | DEBUG | P01 | PRODUCER_POLL_INTERVAL_SECONDS    = 15
2026-05-12 09:52:03 | DEBUG | P01 | KAFKA_GROUP_ID                    = streaming-consumer-group-A
2026-05-12 09:52:03 | DEBUG | P01 | KAFKA_AUTO_OFFSET_RESET           = earliest
2026-05-12 09:52:03 | DEBUG | P01 | CONSUMER_TIMEOUT_SECONDS          = 10
2026-05-12 09:52:03 | DEBUG | P01 | CONSUMER_MAX_MESSAGES             = 1000
2026-05-12 09:52:03 | INFO | P01 | === RUN START ===
2026-05-12 09:52:03 | INFO | P01 | project=P01
2026-05-12 09:52:03 | INFO | P01 | repo_dir=streaming-01-foundations
2026-05-12 09:52:03 | INFO | P01 | python=3.14.2
2026-05-12 09:52:03 | INFO | P01 | os=Windows 11
2026-05-12 09:52:03 | INFO | P01 | shell=powershell
2026-05-12 09:52:03 | INFO | P01 | cwd=.
2026-05-12 09:52:03 | INFO | P01 | github_actions=False
2026-05-12 09:52:03 | INFO | P01 | ========================
2026-05-12 09:52:03 | INFO | P01 | START producer main()
2026-05-12 09:52:03 | INFO | P01 | ========================
2026-05-12 09:52:03 | INFO | P01 | ROOT_DIR = .
2026-05-12 09:52:03 | INFO | P01 | DATA_DIR = data
2026-05-12 09:52:03 | INFO | P01 | SALES_CSV = data\sales.csv
2026-05-12 09:52:03 | INFO | P01 | TOPIC_CSV = data\output\streaming-01-foundations-case.csv
2026-05-12 09:52:03 | INFO | P01 | ========================
2026-05-12 09:52:03 | INFO | P01 | SECTION A. Acquire
2026-05-12 09:52:03 | INFO | P01 | ========================
2026-05-12 09:52:03 | INFO | P01 | Loading settings from .env...
2026-05-12 09:52:03 | INFO | P01 | KAFKA_TOPIC                       = streaming-01-foundations-case
2026-05-12 09:52:03 | INFO | P01 | KAFKA_CLEAR_TOPIC_ON_START        = True
2026-05-12 09:52:03 | INFO | P01 | PRODUCER_MESSAGE_COUNT            = 3
2026-05-12 09:52:03 | INFO | P01 | PRODUCER_MESSAGE_INTERVAL_SECONDS = 2.0
2026-05-12 09:52:03 | INFO | P01 | Verifying local source data...
2026-05-12 09:52:03 | INFO | P01 | Source file found: sales.csv
2026-05-12 09:52:03 | INFO | P01 | Preparing local simulated topic file...
2026-05-12 09:52:03 | INFO | P01 | Topic file will be created: streaming-01-foundations-case.csv
2026-05-12 09:52:03 | INFO | P01 | ========================
2026-05-12 09:52:03 | INFO | P01 | SECTION P. Produce Messages
2026-05-12 09:52:03 | INFO | P01 | ========================
2026-05-12 09:52:03 | INFO | P01 | Sending messages...
2026-05-12 09:52:03 | INFO | P01 | Sending up to 3 local message(s).
2026-05-12 09:52:03 | INFO | P01 | Writing to simulated topic file: streaming-01-foundations-case.csv
2026-05-12 09:52:03 | INFO | P01 | Watch each sale arrive. Press CTRL+C to stop early.

2026-05-12 09:52:03 | INFO | P01 | {
  order_id: e7324981-a9f0-419f-b708-d0a333451fff
  datetime: 2026-05-04T08:11:00Z
  region_id: US-TX
  currency_code: USD
  product_id: PY-STREAM-005
  unit_price: 59.99
  quantity: 3
  is_online: true
  customer_id: CUST-4150
  is_new_customer: false
  device_type: tablet
  payment_method: paypal
  referral_source: paid_search
  discount_code: 
  customer_note: Gift for my team
}
2026-05-12 09:52:03 | INFO | P01 |   Sending local message with key=US-TX
2026-05-12 09:52:03 | INFO | P01 |   MESSAGE SENT  sent=1
2026-05-12 09:52:05 | INFO | P01 | {
  order_id: d61943e0-f543-4b5f-9c9a-18605ea4cfe5
  datetime: 2026-05-04T08:23:00Z
  region_id: US-TX
  currency_code: USD
  product_id: PY-DATA-002
  unit_price: 49.99
  quantity: 1
  is_online: true
  customer_id: CUST-1106
  is_new_customer: false
  device_type: mobile
  payment_method: paypal
  referral_source: paid_search
  discount_code: 
  customer_note: Gift for my team
}
2026-05-12 09:52:05 | INFO | P01 |   Sending local message with key=US-TX
2026-05-12 09:52:05 | INFO | P01 |   MESSAGE SENT  sent=2
2026-05-12 09:52:07 | INFO | P01 | {
  order_id: 14da1915-8e74-47be-9e10-f7275d31af46
  datetime: 2026-05-04T08:28:00Z
  region_id: CA-QC
  currency_code: CAD
  product_id: PY-NLP-006
  unit_price: 54.99
  quantity: 1
  is_online: true
  customer_id: CUST-2133
  is_new_customer: false
  device_type: desktop
  payment_method: paypal
  referral_source: organic
  discount_code: 
  customer_note: Learning at my own pace
}
2026-05-12 09:52:07 | INFO | P01 |   Sending local message with key=CA-QC
2026-05-12 09:52:07 | INFO | P01 |   MESSAGE SENT  sent=3
2026-05-12 09:52:09 | INFO | P01 | ========================
2026-05-12 09:52:09 | INFO | P01 | SECTION E. Exit
2026-05-12 09:52:09 | INFO | P01 | ========================
2026-05-12 09:52:09 | INFO | P01 | Summary:
2026-05-12 09:52:09 | INFO | P01 | Sent 3 message(s).
2026-05-12 09:52:09 | INFO | P01 | WROTE TOPIC_CSV = data\output\streaming-01-foundations-case.csv
2026-05-12 09:52:09 | INFO | P01 | ========================
2026-05-12 09:52:09 | INFO | P01 | Producer executed successfully!
2026-05-12 09:52:09 | INFO | P01 | ========================
2026-05-12 09:52:41 | DEBUG | P01 | KAFKA_BOOTSTRAP_SERVERS           = localhost:9092
2026-05-12 09:52:41 | DEBUG | P01 | KAFKA_BROKER_ADDRESS_FAMILY       = v6
2026-05-12 09:52:41 | DEBUG | P01 | KAFKA_TOPIC                       = streaming-01-foundations-case
2026-05-12 09:52:41 | DEBUG | P01 | KAFKA_CLEAR_TOPIC_ON_START        = true
2026-05-12 09:52:41 | DEBUG | P01 | PRODUCER_MESSAGE_COUNT            = 3
2026-05-12 09:52:41 | DEBUG | P01 | PRODUCER_MESSAGE_INTERVAL_SECONDS = 2
2026-05-12 09:52:41 | DEBUG | P01 | PRODUCER_MAX_MESSAGES             = 50
2026-05-12 09:52:41 | DEBUG | P01 | PRODUCER_POLL_INTERVAL_SECONDS    = 15
2026-05-12 09:52:41 | DEBUG | P01 | KAFKA_GROUP_ID                    = streaming-consumer-group-A
2026-05-12 09:52:41 | DEBUG | P01 | KAFKA_AUTO_OFFSET_RESET           = earliest
2026-05-12 09:52:41 | DEBUG | P01 | CONSUMER_TIMEOUT_SECONDS          = 10
2026-05-12 09:52:41 | DEBUG | P01 | CONSUMER_MAX_MESSAGES             = 1000
2026-05-12 09:52:41 | INFO | P01 | === RUN START ===
2026-05-12 09:52:41 | INFO | P01 | project=P01
2026-05-12 09:52:41 | INFO | P01 | repo_dir=streaming-01-foundations
2026-05-12 09:52:41 | INFO | P01 | python=3.14.2
2026-05-12 09:52:41 | INFO | P01 | os=Windows 11
2026-05-12 09:52:41 | INFO | P01 | shell=powershell
2026-05-12 09:52:41 | INFO | P01 | cwd=.
2026-05-12 09:52:41 | INFO | P01 | github_actions=False
2026-05-12 09:52:41 | INFO | P01 | ========================
2026-05-12 09:52:41 | INFO | P01 | START producer main()
2026-05-12 09:52:41 | INFO | P01 | ========================
2026-05-12 09:52:41 | INFO | P01 | ROOT_DIR = .
2026-05-12 09:52:41 | INFO | P01 | DATA_DIR = data
2026-05-12 09:52:41 | INFO | P01 | SALES_CSV = data\sales.csv
2026-05-12 09:52:41 | INFO | P01 | TOPIC_CSV = data\output\streaming-01-foundations-case.csv
2026-05-12 09:52:41 | INFO | P01 | ========================
2026-05-12 09:52:41 | INFO | P01 | SECTION A. Acquire
2026-05-12 09:52:41 | INFO | P01 | ========================
2026-05-12 09:52:41 | INFO | P01 | Loading settings from .env...
2026-05-12 09:52:41 | INFO | P01 | KAFKA_TOPIC                       = streaming-01-foundations-case
2026-05-12 09:52:41 | INFO | P01 | KAFKA_CLEAR_TOPIC_ON_START        = True
2026-05-12 09:52:41 | INFO | P01 | PRODUCER_MESSAGE_COUNT            = 3
2026-05-12 09:52:41 | INFO | P01 | PRODUCER_MESSAGE_INTERVAL_SECONDS = 2.0
2026-05-12 09:52:41 | INFO | P01 | Verifying local source data...
2026-05-12 09:52:41 | INFO | P01 | Source file found: sales.csv
2026-05-12 09:52:41 | INFO | P01 | Preparing local simulated topic file...
2026-05-12 09:52:41 | INFO | P01 | Deleted existing topic file: streaming-01-foundations-case.csv
2026-05-12 09:52:41 | INFO | P01 | Topic file will be created: streaming-01-foundations-case.csv
2026-05-12 09:52:41 | INFO | P01 | ========================
2026-05-12 09:52:41 | INFO | P01 | SECTION P. Produce Messages
2026-05-12 09:52:41 | INFO | P01 | ========================
2026-05-12 09:52:41 | INFO | P01 | Sending messages...
2026-05-12 09:52:41 | INFO | P01 | Sending up to 3 local message(s).
2026-05-12 09:52:41 | INFO | P01 | Writing to simulated topic file: streaming-01-foundations-case.csv
2026-05-12 09:52:41 | INFO | P01 | Watch each sale arrive. Press CTRL+C to stop early.

2026-05-12 09:52:41 | INFO | P01 | {
  order_id: e7324981-a9f0-419f-b708-d0a333451fff
  datetime: 2026-05-04T08:11:00Z
  region_id: US-TX
  currency_code: USD
  product_id: PY-STREAM-005
  unit_price: 59.99
  quantity: 3
  is_online: true
  customer_id: CUST-4150
  is_new_customer: false
  device_type: tablet
  payment_method: paypal
  referral_source: paid_search
  discount_code: 
  customer_note: Gift for my team
}
2026-05-12 09:52:41 | INFO | P01 |   Sending local message with key=US-TX
2026-05-12 09:52:41 | INFO | P01 |   MESSAGE SENT  sent=1
2026-05-12 09:52:43 | INFO | P01 | {
  order_id: d61943e0-f543-4b5f-9c9a-18605ea4cfe5
  datetime: 2026-05-04T08:23:00Z
  region_id: US-TX
  currency_code: USD
  product_id: PY-DATA-002
  unit_price: 49.99
  quantity: 1
  is_online: true
  customer_id: CUST-1106
  is_new_customer: false
  device_type: mobile
  payment_method: paypal
  referral_source: paid_search
  discount_code: 
  customer_note: Gift for my team
}
2026-05-12 09:52:43 | INFO | P01 |   Sending local message with key=US-TX
2026-05-12 09:52:43 | INFO | P01 |   MESSAGE SENT  sent=2
2026-05-12 09:52:45 | INFO | P01 | {
  order_id: 14da1915-8e74-47be-9e10-f7275d31af46
  datetime: 2026-05-04T08:28:00Z
  region_id: CA-QC
  currency_code: CAD
  product_id: PY-NLP-006
  unit_price: 54.99
  quantity: 1
  is_online: true
  customer_id: CUST-2133
  is_new_customer: false
  device_type: desktop
  payment_method: paypal
  referral_source: organic
  discount_code: 
  customer_note: Learning at my own pace
}
2026-05-12 09:52:45 | INFO | P01 |   Sending local message with key=CA-QC
2026-05-12 09:52:45 | INFO | P01 |   MESSAGE SENT  sent=3
2026-05-12 09:52:47 | INFO | P01 | ========================
2026-05-12 09:52:47 | INFO | P01 | SECTION E. Exit
2026-05-12 09:52:47 | INFO | P01 | ========================
2026-05-12 09:52:47 | INFO | P01 | Summary:
2026-05-12 09:52:47 | INFO | P01 | Sent 3 message(s).
2026-05-12 09:52:47 | INFO | P01 | WROTE TOPIC_CSV = data\output\streaming-01-foundations-case.csv
2026-05-12 09:52:47 | INFO | P01 | ========================
2026-05-12 09:52:47 | INFO | P01 | Producer executed successfully!
2026-05-12 09:52:47 | INFO | P01 | ========================
2026-05-12 09:57:23 | DEBUG | C01 | KAFKA_BOOTSTRAP_SERVERS           = localhost:9092
2026-05-12 09:57:24 | DEBUG | C01 | KAFKA_BROKER_ADDRESS_FAMILY       = v6
2026-05-12 09:57:24 | DEBUG | C01 | KAFKA_TOPIC                       = streaming-01-foundations-case
2026-05-12 09:57:24 | DEBUG | C01 | KAFKA_CLEAR_TOPIC_ON_START        = true
2026-05-12 09:57:24 | DEBUG | C01 | PRODUCER_MESSAGE_COUNT            = 3
2026-05-12 09:57:24 | DEBUG | C01 | PRODUCER_MESSAGE_INTERVAL_SECONDS = 2
2026-05-12 09:57:24 | DEBUG | C01 | PRODUCER_MAX_MESSAGES             = 50
2026-05-12 09:57:24 | DEBUG | C01 | PRODUCER_POLL_INTERVAL_SECONDS    = 15
2026-05-12 09:57:24 | DEBUG | C01 | KAFKA_GROUP_ID                    = streaming-consumer-group-A
2026-05-12 09:57:24 | DEBUG | C01 | KAFKA_AUTO_OFFSET_RESET           = earliest
2026-05-12 09:57:24 | DEBUG | C01 | CONSUMER_TIMEOUT_SECONDS          = 10
2026-05-12 09:57:24 | DEBUG | C01 | CONSUMER_MAX_MESSAGES             = 1000
2026-05-12 09:57:24 | INFO | C01 | === RUN START ===
2026-05-12 09:57:24 | INFO | C01 | project=C01
2026-05-12 09:57:24 | INFO | C01 | repo_dir=streaming-01-foundations
2026-05-12 09:57:24 | INFO | C01 | python=3.14.2
2026-05-12 09:57:24 | INFO | C01 | os=Windows 11
2026-05-12 09:57:24 | INFO | C01 | shell=powershell
2026-05-12 09:57:24 | INFO | C01 | cwd=.
2026-05-12 09:57:24 | INFO | C01 | github_actions=False
2026-05-12 09:57:24 | INFO | C01 | ========================
2026-05-12 09:57:24 | INFO | C01 | START consumer main()
2026-05-12 09:57:24 | INFO | C01 | ========================
2026-05-12 09:57:24 | INFO | C01 | ROOT_DIR = .
2026-05-12 09:57:24 | INFO | C01 | DATA_DIR = data
2026-05-12 09:57:24 | INFO | C01 | TOPIC_CSV = data\output\streaming-01-foundations-case.csv
2026-05-12 09:57:24 | INFO | C01 | OUTPUT_CSV = data\output\consumed_sales.csv
2026-05-12 09:57:24 | INFO | C01 | ========================
2026-05-12 09:57:24 | INFO | C01 | SECTION A. Acquire
2026-05-12 09:57:24 | INFO | C01 | ========================
2026-05-12 09:57:24 | INFO | C01 | Loading settings from .env...
2026-05-12 09:57:24 | INFO | C01 | KAFKA_TOPIC                    = streaming-01-foundations-case
2026-05-12 09:57:24 | INFO | C01 | CONSUMER_MAX_MESSAGES          = 1000
2026-05-12 09:57:24 | INFO | C01 | CONSUMER_POLL_INTERVAL_SECONDS = 0.5
2026-05-12 09:57:24 | INFO | C01 | CONSUMER_TIMEOUT_SECONDS       = 10.0
2026-05-12 09:57:24 | INFO | C01 | Verifying local simulated topic file...
2026-05-12 09:57:24 | INFO | C01 | Topic file found: streaming-01-foundations-case.csv
2026-05-12 09:57:24 | INFO | C01 | ========================
2026-05-12 09:57:24 | INFO | C01 | SECTION C. Consume and Process Messages
2026-05-12 09:57:24 | INFO | C01 | ========================
2026-05-12 09:57:24 | INFO | C01 | Initializing output...
2026-05-12 09:57:24 | INFO | C01 | Output CSV cleared: consumed_sales.csv
2026-05-12 09:57:24 | INFO | C01 | Consuming local messages...
2026-05-12 09:57:24 | INFO | C01 | Waiting for up to 1000 message(s).
2026-05-12 09:57:24 | INFO | C01 | Stopping after 10.0s with no new message.

2026-05-12 09:57:24 | INFO | C01 | {'order_id': 'e7324981-a9f0-419f-b708-d0a333451fff', 'datetime': '2026-05-04T08:11:00Z', 'region_id': 'US-TX', 'currency_code': 'USD', 'product_id': 'PY-STREAM-005', 'unit_price': '59.99', 'quantity': '3', 'is_online': 'true', 'customer_id': 'CUST-4150', 'is_new_customer': 'false', 'device_type': 'tablet', 'payment_method': 'paypal', 'referral_source': 'paid_search', 'discount_code': '', 'customer_note': 'Gift for my team'}
2026-05-12 09:57:24 | INFO | C01 | Processing raw local message.
2026-05-12 09:57:24 | INFO | C01 | MESSAGE CONSUMED
2026-05-12 09:57:24 | INFO | C01 | consumed=1
2026-05-12 09:57:24 | INFO | C01 | {'order_id': 'd61943e0-f543-4b5f-9c9a-18605ea4cfe5', 'datetime': '2026-05-04T08:23:00Z', 'region_id': 'US-TX', 'currency_code': 'USD', 'product_id': 'PY-DATA-002', 'unit_price': '49.99', 'quantity': '1', 'is_online': 'true', 'customer_id': 'CUST-1106', 'is_new_customer': 'false', 'device_type': 'mobile', 'payment_method': 'paypal', 'referral_source': 'paid_search', 'discount_code': '', 'customer_note': 'Gift for my team'}
2026-05-12 09:57:24 | INFO | C01 | Processing raw local message.
2026-05-12 09:57:24 | INFO | C01 | MESSAGE CONSUMED
2026-05-12 09:57:24 | INFO | C01 | consumed=2
2026-05-12 09:57:24 | INFO | C01 | {'order_id': '14da1915-8e74-47be-9e10-f7275d31af46', 'datetime': '2026-05-04T08:28:00Z', 'region_id': 'CA-QC', 'currency_code': 'CAD', 'product_id': 'PY-NLP-006', 'unit_price': '54.99', 'quantity': '1', 'is_online': 'true', 'customer_id': 'CUST-2133', 'is_new_customer': 'false', 'device_type': 'desktop', 'payment_method': 'paypal', 'referral_source': 'organic', 'discount_code': '', 'customer_note': 'Learning at my own pace'}
2026-05-12 09:57:24 | INFO | C01 | Processing raw local message.
2026-05-12 09:57:24 | INFO | C01 | MESSAGE CONSUMED
2026-05-12 09:57:24 | INFO | C01 | consumed=3
2026-05-12 09:57:34 | INFO | C01 | No new message received within 10.0s timeout.
2026-05-12 09:57:34 | INFO | C01 | Producer finished or paused. Stopping consumer.
2026-05-12 09:57:34 | INFO | C01 | Saving artifacts...
2026-05-12 09:57:34 | INFO | C01 | WROTE OUTPUT_CSV = data\output\consumed_sales.csv
2026-05-12 09:57:34 | INFO | C01 | ========================
2026-05-12 09:57:34 | INFO | C01 | SECTION E. Exit
2026-05-12 09:57:34 | INFO | C01 | ========================
2026-05-12 09:57:34 | INFO | C01 | Summary:
2026-05-12 09:57:34 | INFO | C01 | Consumed 3 message(s).
2026-05-12 09:57:34 | INFO | C01 | OUTPUT_CSV = data\output\consumed_sales.csv
2026-05-12 09:57:34 | INFO | C01 | ========================
2026-05-12 09:57:34 | INFO | C01 | Consumer executed successfully!
2026-05-12 09:57:34 | INFO | C01 | ========================
2026-05-16 12:15:39 | DEBUG | P01 | KAFKA_BOOTSTRAP_SERVERS           = localhost:9092
2026-05-16 12:15:40 | DEBUG | P01 | KAFKA_BROKER_ADDRESS_FAMILY       = v6
2026-05-16 12:15:40 | DEBUG | P01 | KAFKA_TOPIC                       = streaming-01-foundations-case
2026-05-16 12:15:40 | DEBUG | P01 | KAFKA_CLEAR_TOPIC_ON_START        = true
2026-05-16 12:15:40 | DEBUG | P01 | PRODUCER_MESSAGE_COUNT            = 10
2026-05-16 12:15:40 | DEBUG | P01 | PRODUCER_MESSAGE_INTERVAL_SECONDS = 2
2026-05-16 12:15:40 | DEBUG | P01 | PRODUCER_MAX_MESSAGES             = 50
2026-05-16 12:15:40 | DEBUG | P01 | PRODUCER_POLL_INTERVAL_SECONDS    = 15
2026-05-16 12:15:40 | DEBUG | P01 | KAFKA_GROUP_ID                    = streaming-consumer-group-A
2026-05-16 12:15:40 | DEBUG | P01 | KAFKA_AUTO_OFFSET_RESET           = earliest
2026-05-16 12:15:40 | DEBUG | P01 | CONSUMER_TIMEOUT_SECONDS          = 10
2026-05-16 12:15:40 | DEBUG | P01 | CONSUMER_MAX_MESSAGES             = 1000
2026-05-16 12:15:40 | INFO | P01 | === RUN START ===
2026-05-16 12:15:40 | INFO | P01 | project=P01
2026-05-16 12:15:40 | INFO | P01 | repo_dir=streaming-01-foundations
2026-05-16 12:15:40 | INFO | P01 | python=3.14.2
2026-05-16 12:15:40 | INFO | P01 | os=Windows 11
2026-05-16 12:15:40 | INFO | P01 | shell=powershell
2026-05-16 12:15:40 | INFO | P01 | cwd=.
2026-05-16 12:15:40 | INFO | P01 | github_actions=False
2026-05-16 12:15:40 | INFO | P01 | ========================
2026-05-16 12:15:40 | INFO | P01 | START producer main()
2026-05-16 12:15:40 | INFO | P01 | ========================
2026-05-16 12:15:40 | INFO | P01 | ROOT_DIR = .
2026-05-16 12:15:40 | INFO | P01 | DATA_DIR = data
2026-05-16 12:15:40 | INFO | P01 | SALES_CSV = data\sales.csv
2026-05-16 12:15:40 | INFO | P01 | TOPIC_CSV = data\output\streaming-01-foundations-case.csv
2026-05-16 12:15:40 | INFO | P01 | ========================
2026-05-16 12:15:40 | INFO | P01 | SECTION A. Acquire
2026-05-16 12:15:40 | INFO | P01 | ========================
2026-05-16 12:15:40 | INFO | P01 | Loading settings from .env...
2026-05-16 12:15:40 | INFO | P01 | KAFKA_TOPIC                       = streaming-01-foundations-case
2026-05-16 12:15:40 | INFO | P01 | KAFKA_CLEAR_TOPIC_ON_START        = True
2026-05-16 12:15:40 | INFO | P01 | PRODUCER_MESSAGE_COUNT            = 10
2026-05-16 12:15:40 | INFO | P01 | PRODUCER_MESSAGE_INTERVAL_SECONDS = 2.0
2026-05-16 12:15:40 | INFO | P01 | Verifying local source data...
2026-05-16 12:15:40 | INFO | P01 | Source file found: sales.csv
2026-05-16 12:15:40 | INFO | P01 | Preparing local simulated topic file...
2026-05-16 12:15:40 | INFO | P01 | Deleted existing topic file: streaming-01-foundations-case.csv
2026-05-16 12:15:40 | INFO | P01 | Topic file will be created: streaming-01-foundations-case.csv
2026-05-16 12:15:40 | INFO | P01 | ========================
2026-05-16 12:15:40 | INFO | P01 | SECTION P. Produce Messages
2026-05-16 12:15:40 | INFO | P01 | ========================
2026-05-16 12:15:40 | INFO | P01 | Sending messages...
2026-05-16 12:15:40 | INFO | P01 | Sending up to 10 local message(s).
2026-05-16 12:15:40 | INFO | P01 | Writing to simulated topic file: streaming-01-foundations-case.csv
2026-05-16 12:15:40 | INFO | P01 | Watch each sale arrive. Press CTRL+C to stop early.

2026-05-16 12:15:40 | INFO | P01 | {
  order_id: e7324981-a9f0-419f-b708-d0a333451fff
  datetime: 2026-05-04T08:11:00Z
  region_id: US-TX
  currency_code: USD
  product_id: PY-STREAM-005
  unit_price: 59.99
  quantity: 3
  is_online: true
  customer_id: CUST-4150
  is_new_customer: false
  device_type: tablet
  payment_method: paypal
  referral_source: paid_search
  discount_code: 
  customer_note: Gift for my team
}
2026-05-16 12:15:40 | INFO | P01 |   Sending local message with key=US-TX
2026-05-16 12:15:40 | INFO | P01 |   MESSAGE SENT  sent=1
2026-05-16 12:15:42 | INFO | P01 | {
  order_id: d61943e0-f543-4b5f-9c9a-18605ea4cfe5
  datetime: 2026-05-04T08:23:00Z
  region_id: US-TX
  currency_code: USD
  product_id: PY-DATA-002
  unit_price: 49.99
  quantity: 1
  is_online: true
  customer_id: CUST-1106
  is_new_customer: false
  device_type: mobile
  payment_method: paypal
  referral_source: paid_search
  discount_code: 
  customer_note: Gift for my team
}
2026-05-16 12:15:42 | INFO | P01 |   Sending local message with key=US-TX
2026-05-16 12:15:42 | INFO | P01 |   MESSAGE SENT  sent=2
2026-05-16 12:15:44 | INFO | P01 | {
  order_id: 14da1915-8e74-47be-9e10-f7275d31af46
  datetime: 2026-05-04T08:28:00Z
  region_id: CA-QC
  currency_code: CAD
  product_id: PY-NLP-006
  unit_price: 54.99
  quantity: 1
  is_online: true
  customer_id: CUST-2133
  is_new_customer: false
  device_type: desktop
  payment_method: paypal
  referral_source: organic
  discount_code: 
  customer_note: Learning at my own pace
}
2026-05-16 12:15:44 | INFO | P01 |   Sending local message with key=CA-QC
2026-05-16 12:15:44 | INFO | P01 |   MESSAGE SENT  sent=3
2026-05-16 12:15:46 | INFO | P01 | {
  order_id: d77ed935-9b28-431d-bc25-0a3fd98f4154
  datetime: 2026-05-04T08:40:00Z
  region_id: US-CA
  currency_code: USD
  product_id: PY-STREAM-005
  unit_price: 59.99
  quantity: 1
  is_online: true
  customer_id: CUST-5333
  is_new_customer: false
  device_type: mobile
  payment_method: paypal
  referral_source: organic
  discount_code: 
  customer_note: Highly recommend
}
2026-05-16 12:15:46 | INFO | P01 |   Sending local message with key=US-CA
2026-05-16 12:15:46 | INFO | P01 |   MESSAGE SENT  sent=4
2026-05-16 12:15:48 | INFO | P01 | {
  order_id: 24b91995-25f8-4ad7-8fa6-2e4c15750e5e
  datetime: 2026-05-04T08:41:00Z
  region_id: US-MO
  currency_code: USD
  product_id: PY-VIZ-003
  unit_price: 39.99
  quantity: 1
  is_online: true
  customer_id: CUST-8573
  is_new_customer: false
  device_type: mobile
  payment_method: apple_pay
  referral_source: paid_search
  discount_code: 
  customer_note: Learning at my own pace
}
2026-05-16 12:15:48 | INFO | P01 |   Sending local message with key=US-MO
2026-05-16 12:15:48 | INFO | P01 |   MESSAGE SENT  sent=5
2026-05-16 12:15:50 | INFO | P01 | {
  order_id: 1ec0fc8b-998c-4f43-8a66-19e1fa7d5fa8
  datetime: 2026-05-04T08:54:00Z
  region_id: CA-ON
  currency_code: CAD
  product_id: PY-SQL-004
  unit_price: 44.99
  quantity: 1
  is_online: true
  customer_id: CUST-8062
  is_new_customer: false
  device_type: tablet
  payment_method: paypal
  referral_source: organic
  discount_code: 
  customer_note: 
}
2026-05-16 12:15:50 | INFO | P01 |   Sending local message with key=CA-ON
2026-05-16 12:15:50 | INFO | P01 |   MESSAGE SENT  sent=6
2026-05-16 12:15:52 | INFO | P01 | {
  order_id: 392dd49b-b385-499c-9b4a-a38387fa39ae
  datetime: 2026-05-04T09:07:00Z
  region_id: CA-ON
  currency_code: CAD
  product_id: PY-INTRO-001
  unit_price: 29.99
  quantity: 1
  is_online: false
  customer_id: CUST-9348
  is_new_customer: false
  device_type: desktop
  payment_method: credit_card
  referral_source: paid_search
  discount_code: 
  customer_note: For my study group
}
2026-05-16 12:15:52 | INFO | P01 |   Sending local message with key=CA-ON
2026-05-16 12:15:52 | INFO | P01 |   MESSAGE SENT  sent=7
2026-05-16 12:15:54 | INFO | P01 | {
  order_id: 02782ab7-dd7d-4ebe-8abc-ef81cdc4193b
  datetime: 2026-05-04T09:15:00Z
  region_id: US-CA
  currency_code: USD
  product_id: PY-VIZ-003
  unit_price: 39.99
  quantity: 1
  is_online: true
  customer_id: CUST-5889
  is_new_customer: false
  device_type: tablet
  payment_method: paypal
  referral_source: organic
  discount_code: 
  customer_note: 
}
2026-05-16 12:15:54 | INFO | P01 |   Sending local message with key=US-CA
2026-05-16 12:15:54 | INFO | P01 |   MESSAGE SENT  sent=8
2026-05-16 12:15:56 | INFO | P01 | {
  order_id: 67bd3492-cc96-429a-9a91-1b4d2132d261
  datetime: 2026-05-04T09:19:00Z
  region_id: CA-ON
  currency_code: CAD
  product_id: PY-VIZ-003
  unit_price: 39.99
  quantity: 1
  is_online: true
  customer_id: CUST-4770
  is_new_customer: false
  device_type: desktop
  payment_method: credit_card
  referral_source: paid_search
  discount_code: 
  customer_note: Excellent content
}
2026-05-16 12:15:56 | INFO | P01 |   Sending local message with key=CA-ON
2026-05-16 12:15:56 | INFO | P01 |   MESSAGE SENT  sent=9
2026-05-16 12:15:58 | INFO | P01 | {
  order_id: 0a021628-6937-4876-8875-b00c07a39e0f
  datetime: 2026-05-04T09:37:00Z
  region_id: MX-CMX
  currency_code: MXN
  product_id: PY-DATA-002
  unit_price: 49.99
  quantity: 1
  is_online: true
  customer_id: CUST-6168
  is_new_customer: false
  device_type: desktop
  payment_method: paypal
  referral_source: organic
  discount_code: 
  customer_note: 
}
2026-05-16 12:15:58 | INFO | P01 |   Sending local message with key=MX-CMX
2026-05-16 12:15:58 | INFO | P01 |   MESSAGE SENT  sent=10
2026-05-16 12:16:00 | INFO | P01 | ========================
2026-05-16 12:16:00 | INFO | P01 | SECTION E. Exit
2026-05-16 12:16:00 | INFO | P01 | ========================
2026-05-16 12:16:00 | INFO | P01 | Summary:
2026-05-16 12:16:00 | INFO | P01 | Sent 10 message(s).
2026-05-16 12:16:00 | INFO | P01 | WROTE TOPIC_CSV = data\output\streaming-01-foundations-case.csv
2026-05-16 12:16:00 | INFO | P01 | ========================
2026-05-16 12:16:00 | INFO | P01 | Producer executed successfully!
2026-05-16 12:16:00 | INFO | P01 | ========================
2026-05-16 12:16:12 | DEBUG | P01 | KAFKA_BOOTSTRAP_SERVERS           = localhost:9092
2026-05-16 12:16:12 | DEBUG | P01 | KAFKA_BROKER_ADDRESS_FAMILY       = v6
2026-05-16 12:16:12 | DEBUG | P01 | KAFKA_TOPIC                       = streaming-01-foundations-case
2026-05-16 12:16:12 | DEBUG | P01 | KAFKA_CLEAR_TOPIC_ON_START        = true
2026-05-16 12:16:12 | DEBUG | P01 | PRODUCER_MESSAGE_COUNT            = 10
2026-05-16 12:16:12 | DEBUG | P01 | PRODUCER_MESSAGE_INTERVAL_SECONDS = 2
2026-05-16 12:16:12 | DEBUG | P01 | PRODUCER_MAX_MESSAGES             = 50
2026-05-16 12:16:12 | DEBUG | P01 | PRODUCER_POLL_INTERVAL_SECONDS    = 15
2026-05-16 12:16:12 | DEBUG | P01 | KAFKA_GROUP_ID                    = streaming-consumer-group-A
2026-05-16 12:16:12 | DEBUG | P01 | KAFKA_AUTO_OFFSET_RESET           = earliest
2026-05-16 12:16:12 | DEBUG | P01 | CONSUMER_TIMEOUT_SECONDS          = 10
2026-05-16 12:16:12 | DEBUG | P01 | CONSUMER_MAX_MESSAGES             = 1000
2026-05-16 12:16:12 | INFO | P01 | === RUN START ===
2026-05-16 12:16:12 | INFO | P01 | project=P01
2026-05-16 12:16:12 | INFO | P01 | repo_dir=streaming-01-foundations
2026-05-16 12:16:12 | INFO | P01 | python=3.14.2
2026-05-16 12:16:12 | INFO | P01 | os=Windows 11
2026-05-16 12:16:12 | INFO | P01 | shell=powershell
2026-05-16 12:16:12 | INFO | P01 | cwd=.
2026-05-16 12:16:12 | INFO | P01 | github_actions=False
2026-05-16 12:16:12 | INFO | P01 | ========================
2026-05-16 12:16:12 | INFO | P01 | START producer main()
2026-05-16 12:16:12 | INFO | P01 | ========================
2026-05-16 12:16:12 | INFO | P01 | ROOT_DIR = .
2026-05-16 12:16:12 | INFO | P01 | DATA_DIR = data
2026-05-16 12:16:12 | INFO | P01 | SALES_CSV = data\sales.csv
2026-05-16 12:16:12 | INFO | P01 | TOPIC_CSV = data\output\streaming-01-foundations-case.csv
2026-05-16 12:16:12 | INFO | P01 | ========================
2026-05-16 12:16:12 | INFO | P01 | SECTION A. Acquire
2026-05-16 12:16:12 | INFO | P01 | ========================
2026-05-16 12:16:12 | INFO | P01 | Loading settings from .env...
2026-05-16 12:16:12 | INFO | P01 | KAFKA_TOPIC                       = streaming-01-foundations-case
2026-05-16 12:16:12 | INFO | P01 | KAFKA_CLEAR_TOPIC_ON_START        = True
2026-05-16 12:16:12 | INFO | P01 | PRODUCER_MESSAGE_COUNT            = 10
2026-05-16 12:16:12 | INFO | P01 | PRODUCER_MESSAGE_INTERVAL_SECONDS = 2.0
2026-05-16 12:16:12 | INFO | P01 | Verifying local source data...
2026-05-16 12:16:12 | INFO | P01 | Source file found: sales.csv
2026-05-16 12:16:12 | INFO | P01 | Preparing local simulated topic file...
2026-05-16 12:16:12 | INFO | P01 | Deleted existing topic file: streaming-01-foundations-case.csv
2026-05-16 12:16:12 | INFO | P01 | Topic file will be created: streaming-01-foundations-case.csv
2026-05-16 12:16:12 | INFO | P01 | ========================
2026-05-16 12:16:12 | INFO | P01 | SECTION P. Produce Messages
2026-05-16 12:16:12 | INFO | P01 | ========================
2026-05-16 12:16:12 | INFO | P01 | Sending messages...
2026-05-16 12:16:12 | INFO | P01 | Sending up to 10 local message(s).
2026-05-16 12:16:12 | INFO | P01 | Writing to simulated topic file: streaming-01-foundations-case.csv
2026-05-16 12:16:12 | INFO | P01 | Watch each sale arrive. Press CTRL+C to stop early.

2026-05-16 12:16:12 | INFO | P01 | {
  order_id: e7324981-a9f0-419f-b708-d0a333451fff
  datetime: 2026-05-04T08:11:00Z
  region_id: US-TX
  currency_code: USD
  product_id: PY-STREAM-005
  unit_price: 59.99
  quantity: 3
  is_online: true
  customer_id: CUST-4150
  is_new_customer: false
  device_type: tablet
  payment_method: paypal
  referral_source: paid_search
  discount_code: 
  customer_note: Gift for my team
}
2026-05-16 12:16:12 | INFO | P01 |   Sending local message with key=US-TX
2026-05-16 12:16:12 | INFO | P01 |   MESSAGE SENT  sent=1
2026-05-16 12:16:14 | INFO | P01 | {
  order_id: d61943e0-f543-4b5f-9c9a-18605ea4cfe5
  datetime: 2026-05-04T08:23:00Z
  region_id: US-TX
  currency_code: USD
  product_id: PY-DATA-002
  unit_price: 49.99
  quantity: 1
  is_online: true
  customer_id: CUST-1106
  is_new_customer: false
  device_type: mobile
  payment_method: paypal
  referral_source: paid_search
  discount_code: 
  customer_note: Gift for my team
}
2026-05-16 12:16:14 | INFO | P01 |   Sending local message with key=US-TX
2026-05-16 12:16:14 | INFO | P01 |   MESSAGE SENT  sent=2
2026-05-16 12:16:16 | INFO | P01 | {
  order_id: 14da1915-8e74-47be-9e10-f7275d31af46
  datetime: 2026-05-04T08:28:00Z
  region_id: CA-QC
  currency_code: CAD
  product_id: PY-NLP-006
  unit_price: 54.99
  quantity: 1
  is_online: true
  customer_id: CUST-2133
  is_new_customer: false
  device_type: desktop
  payment_method: paypal
  referral_source: organic
  discount_code: 
  customer_note: Learning at my own pace
}
2026-05-16 12:16:16 | INFO | P01 |   Sending local message with key=CA-QC
2026-05-16 12:16:16 | INFO | P01 |   MESSAGE SENT  sent=3
2026-05-16 12:16:18 | INFO | P01 | {
  order_id: d77ed935-9b28-431d-bc25-0a3fd98f4154
  datetime: 2026-05-04T08:40:00Z
  region_id: US-CA
  currency_code: USD
  product_id: PY-STREAM-005
  unit_price: 59.99
  quantity: 1
  is_online: true
  customer_id: CUST-5333
  is_new_customer: false
  device_type: mobile
  payment_method: paypal
  referral_source: organic
  discount_code: 
  customer_note: Highly recommend
}
2026-05-16 12:16:18 | INFO | P01 |   Sending local message with key=US-CA
2026-05-16 12:16:18 | INFO | P01 |   MESSAGE SENT  sent=4
2026-05-16 12:16:20 | INFO | P01 | {
  order_id: 24b91995-25f8-4ad7-8fa6-2e4c15750e5e
  datetime: 2026-05-04T08:41:00Z
  region_id: US-MO
  currency_code: USD
  product_id: PY-VIZ-003
  unit_price: 39.99
  quantity: 1
  is_online: true
  customer_id: CUST-8573
  is_new_customer: false
  device_type: mobile
  payment_method: apple_pay
  referral_source: paid_search
  discount_code: 
  customer_note: Learning at my own pace
}
2026-05-16 12:16:20 | INFO | P01 |   Sending local message with key=US-MO
2026-05-16 12:16:20 | INFO | P01 |   MESSAGE SENT  sent=5
2026-05-16 12:16:22 | INFO | P01 | {
  order_id: 1ec0fc8b-998c-4f43-8a66-19e1fa7d5fa8
  datetime: 2026-05-04T08:54:00Z
  region_id: CA-ON
  currency_code: CAD
  product_id: PY-SQL-004
  unit_price: 44.99
  quantity: 1
  is_online: true
  customer_id: CUST-8062
  is_new_customer: false
  device_type: tablet
  payment_method: paypal
  referral_source: organic
  discount_code: 
  customer_note: 
}
2026-05-16 12:16:22 | INFO | P01 |   Sending local message with key=CA-ON
2026-05-16 12:16:22 | INFO | P01 |   MESSAGE SENT  sent=6
2026-05-16 12:16:24 | INFO | P01 | {
  order_id: 392dd49b-b385-499c-9b4a-a38387fa39ae
  datetime: 2026-05-04T09:07:00Z
  region_id: CA-ON
  currency_code: CAD
  product_id: PY-INTRO-001
  unit_price: 29.99
  quantity: 1
  is_online: false
  customer_id: CUST-9348
  is_new_customer: false
  device_type: desktop
  payment_method: credit_card
  referral_source: paid_search
  discount_code: 
  customer_note: For my study group
}
2026-05-16 12:16:24 | INFO | P01 |   Sending local message with key=CA-ON
2026-05-16 12:16:24 | INFO | P01 |   MESSAGE SENT  sent=7
2026-05-16 12:16:26 | INFO | P01 | {
  order_id: 02782ab7-dd7d-4ebe-8abc-ef81cdc4193b
  datetime: 2026-05-04T09:15:00Z
  region_id: US-CA
  currency_code: USD
  product_id: PY-VIZ-003
  unit_price: 39.99
  quantity: 1
  is_online: true
  customer_id: CUST-5889
  is_new_customer: false
  device_type: tablet
  payment_method: paypal
  referral_source: organic
  discount_code: 
  customer_note: 
}
2026-05-16 12:16:26 | INFO | P01 |   Sending local message with key=US-CA
2026-05-16 12:16:26 | INFO | P01 |   MESSAGE SENT  sent=8
2026-05-16 12:16:28 | INFO | P01 | {
  order_id: 67bd3492-cc96-429a-9a91-1b4d2132d261
  datetime: 2026-05-04T09:19:00Z
  region_id: CA-ON
  currency_code: CAD
  product_id: PY-VIZ-003
  unit_price: 39.99
  quantity: 1
  is_online: true
  customer_id: CUST-4770
  is_new_customer: false
  device_type: desktop
  payment_method: credit_card
  referral_source: paid_search
  discount_code: 
  customer_note: Excellent content
}
2026-05-16 12:16:28 | INFO | P01 |   Sending local message with key=CA-ON
2026-05-16 12:16:28 | INFO | P01 |   MESSAGE SENT  sent=9
2026-05-16 12:16:30 | INFO | P01 | {
  order_id: 0a021628-6937-4876-8875-b00c07a39e0f
  datetime: 2026-05-04T09:37:00Z
  region_id: MX-CMX
  currency_code: MXN
  product_id: PY-DATA-002
  unit_price: 49.99
  quantity: 1
  is_online: true
  customer_id: CUST-6168
  is_new_customer: false
  device_type: desktop
  payment_method: paypal
  referral_source: organic
  discount_code: 
  customer_note: 
}
2026-05-16 12:16:30 | INFO | P01 |   Sending local message with key=MX-CMX
2026-05-16 12:16:30 | INFO | P01 |   MESSAGE SENT  sent=10
2026-05-16 12:16:32 | INFO | P01 | ========================
2026-05-16 12:16:32 | INFO | P01 | SECTION E. Exit
2026-05-16 12:16:32 | INFO | P01 | ========================
2026-05-16 12:16:32 | INFO | P01 | Summary:
2026-05-16 12:16:32 | INFO | P01 | Sent 10 message(s).
2026-05-16 12:16:32 | INFO | P01 | WROTE TOPIC_CSV = data\output\streaming-01-foundations-case.csv
2026-05-16 12:16:32 | INFO | P01 | ========================
2026-05-16 12:16:32 | INFO | P01 | Producer executed successfully!
2026-05-16 12:16:32 | INFO | P01 | ========================
